     1                                 %line 1+1 task1.asm
     2                                 
     3                                 
     4                                 
     5                                 
     6                                 
     7                                 
     8                                 
     9                                 
    10                                 
    11                                 
    12                                 [global total_pages]
    13                                 
    14                                 [section .text]
    15                                 [bits 64]
    16                                 
    17                                 
    18                                  total_pages:
    19 00000000 4831C0                  xor rax, rax
    20                                 
    21                                  .loop:
    22 00000003 48634F10                movsxd rcx, dword [rdi + 16]
    23                                 
    24 00000007 4801C8                  add rax, rcx
    25                                 
    26 0000000A 4883C718                add rdi, 24
    27                                 
    28 0000000E 4883EE01                sub rsi, 1
    29                                 
    30 00000012 4883FE00                cmp rsi, 0
    31                                 
    32 00000016 7FE9                    jg .loop
    33                                 
    34 00000018 C3                      ret
    35                                 
    36                                 
    37                                 
